[17-Jun-2026 15:08:12 Europe/Berlin] PHP Warning:  require_once(C:\xampp\htdocs\AGAI\app\pages/config/config.php): Failed to open stream: No such file or directory in C:\xampp\htdocs\AGAI\app\pages\dashboard.php on line 7
[17-Jun-2026 15:08:12 Europe/Berlin] PHP Fatal error:  Uncaught Error: Failed opening required 'C:\xampp\htdocs\AGAI\app\pages/config/config.php' (include_path='C:\xampp\php\PEAR') in C:\xampp\htdocs\AGAI\app\pages\dashboard.php:7
Stack trace:
#0 C:\xampp\htdocs\AGAI\public\index.php(69): require()
#1 {main}
  thrown in C:\xampp\htdocs\AGAI\app\pages\dashboard.php on line 7
[17-Jun-2026 15:08:53 Europe/Berlin] PHP Warning:  require_once(C:\xampp\htdocs\AGAI\app\pages/config/config.php): Failed to open stream: No such file or directory in C:\xampp\htdocs\AGAI\app\pages\dashboard.php on line 7
[17-Jun-2026 15:08:53 Europe/Berlin] PHP Fatal error:  Uncaught Error: Failed opening required 'C:\xampp\htdocs\AGAI\app\pages/config/config.php' (include_path='C:\xampp\php\PEAR') in C:\xampp\htdocs\AGAI\app\pages\dashboard.php:7
Stack trace:
#0 C:\xampp\htdocs\AGAI\public\index.php(69): require()
#1 {main}
  thrown in C:\xampp\htdocs\AGAI\app\pages\dashboard.php on line 7
[17-Jun-2026 15:10:11 Europe/Berlin] PHP Warning:  require_once(C:\xampp\htdocs\AGAI\app\pages/config/config.php): Failed to open stream: No such file or directory in C:\xampp\htdocs\AGAI\app\pages\dashboard.php on line 7
[17-Jun-2026 15:10:11 Europe/Berlin] PHP Fatal error:  Uncaught Error: Failed opening required 'C:\xampp\htdocs\AGAI\app\pages/config/config.php' (include_path='C:\xampp\php\PEAR') in C:\xampp\htdocs\AGAI\app\pages\dashboard.php:7
Stack trace:
#0 C:\xampp\htdocs\AGAI\public\index.php(69): require()
#1 {main}
  thrown in C:\xampp\htdocs\AGAI\app\pages\dashboard.php on line 7
[17-Jun-2026 16:35:30 Europe/Berlin] Erreur mail: Invalid address:  (From): siganac.anacgabon@gmail.com # adresse email de l'expéditeur
[17-Jun-2026 16:35:30 Europe/Berlin] Erreur envoi OTP: SMTP Error: Could not connect to SMTP host.
[17-Jun-2026 16:38:36 Europe/Berlin] Erreur mail: Invalid address:  (From): siganac.anacgabon@gmail.com # adresse email de l'expéditeur
[17-Jun-2026 16:38:36 Europe/Berlin] Erreur envoi OTP: SMTP Error: Could not connect to SMTP host.
[17-Jun-2026 16:46:12 Europe/Berlin] Erreur mail: Invalid address:  (From): siganac.anacgabon@gmail.com # adresse email de l'expéditeur
[17-Jun-2026 16:46:12 Europe/Berlin] Erreur envoi OTP: SMTP Error: Could not connect to SMTP host.
[17-Jun-2026 17:02:18 Europe/Berlin] Erreur mail: Invalid address:  (From): siganac.anacgabon@gmail.com # adresse email de l'expéditeur
[17-Jun-2026 17:02:18 Europe/Berlin] Erreur envoi OTP: SMTP Error: Could not connect to SMTP host.
[17-Jun-2026 17:16:34 Europe/Berlin] Mailer échec (465) : Port 465 : Invalid address:  (From): siganac.anacgabon@gmail.com # adresse email de l'expéditeur
[17-Jun-2026 17:16:34 Europe/Berlin] Mailer échec (587) : Port 587 : Invalid address:  (From): siganac.anacgabon@gmail.com # adresse email de l'expéditeur
[17-Jun-2026 17:16:34 Europe/Berlin] OTP non envoyé à rufin.mbadinga@anac-gabon.com : Port 587 : Invalid address:  (From): siganac.anacgabon@gmail.com # adresse email de l'expéditeur
[18-Jun-2026 06:26:48 Europe/Berlin] PHP Fatal error:  Uncaught Error: Call to undefined method Database::query() in C:\xampp\htdocs\AGAI\app\pages\dashboard.php:14
Stack trace:
#0 C:\xampp\htdocs\AGAI\public\index.php(84): require()
#1 {main}
  thrown in C:\xampp\htdocs\AGAI\app\pages\dashboard.php on line 14
[18-Jun-2026 22:12:01 Europe/Berlin] inspecteur save : SQLSTATE[23000]: Integrity constraint violation: 1452 Cannot add or update a child row: a foreign key constraint fails (`siganac`.`habilitation`, CONSTRAINT `habilitation_ibfk_2` FOREIGN KEY (`iddomaine`) REFERENCES `domaine` (`iddomaine`) ON DELETE CASCADE)
[18-Jun-2026 22:17:19 Europe/Berlin] inspecteur save : SQLSTATE[23000]: Integrity constraint violation: 1452 Cannot add or update a child row: a foreign key constraint fails (`siganac`.`habilitation`, CONSTRAINT `habilitation_ibfk_2` FOREIGN KEY (`iddomaine`) REFERENCES `domaine` (`iddomaine`) ON DELETE CASCADE)
[18-Jun-2026 22:33:22 Europe/Berlin] inspecteur save : SQLSTATE[23000]: Integrity constraint violation: 1452 Cannot add or update a child row: a foreign key constraint fails (`siganac`.`habilitation`, CONSTRAINT `habilitation_ibfk_2` FOREIGN KEY (`iddomaine`) REFERENCES `domaine` (`iddomaine`) ON DELETE CASCADE)
[21-Jun-2026 09:24:07 Europe/Berlin] logout: SQLSTATE[23000]: Integrity constraint violation: 1452 Cannot add or update a child row: a foreign key constraint fails (`siganac`.`audit_logs`, CONSTRAINT `audit_logs_ibfk_1` FOREIGN KEY (`iduser`) REFERENCES `users` (`iduser`) ON DELETE SET NULL)
[21-Jun-2026 09:28:18 Europe/Berlin] logout: SQLSTATE[23000]: Integrity constraint violation: 1452 Cannot add or update a child row: a foreign key constraint fails (`siganac`.`audit_logs`, CONSTRAINT `audit_logs_ibfk_1` FOREIGN KEY (`iduser`) REFERENCES `users` (`iduser`) ON DELETE SET NULL)
[21-Jun-2026 09:41:28 Europe/Berlin] users endpoint : Call to undefined method Mailer::sendCredentials()
[21-Jun-2026 09:45:12 Europe/Berlin] logout: SQLSTATE[23000]: Integrity constraint violation: 1452 Cannot add or update a child row: a foreign key constraint fails (`siganac`.`audit_logs`, CONSTRAINT `audit_logs_ibfk_1` FOREIGN KEY (`iduser`) REFERENCES `users` (`iduser`) ON DELETE SET NULL)
[21-Jun-2026 10:13:41 Europe/Berlin] logout: SQLSTATE[23000]: Integrity constraint violation: 1452 Cannot add or update a child row: a foreign key constraint fails (`siganac`.`audit_logs`, CONSTRAINT `audit_logs_ibfk_1` FOREIGN KEY (`iduser`) REFERENCES `users` (`iduser`) ON DELETE SET NULL)
[21-Jun-2026 15:37:05 Europe/Berlin] logout: SQLSTATE[23000]: Integrity constraint violation: 1452 Cannot add or update a child row: a foreign key constraint fails (`siganac`.`audit_logs`, CONSTRAINT `audit_logs_ibfk_1` FOREIGN KEY (`iduser`) REFERENCES `users` (`iduser`) ON DELETE SET NULL)
[21-Jun-2026 15:37:47 Europe/Berlin] logout: SQLSTATE[23000]: Integrity constraint violation: 1452 Cannot add or update a child row: a foreign key constraint fails (`siganac`.`audit_logs`, CONSTRAINT `audit_logs_ibfk_1` FOREIGN KEY (`iduser`) REFERENCES `users` (`iduser`) ON DELETE SET NULL)
[22-Jun-2026 13:56:47 Europe/Berlin] users endpoint : Call to undefined method Mailer::sendCredentials()
[23-Jun-2026 18:15:47 Europe/Berlin] domaines endpoint : SQLSTATE[42S22]: Column not found: 1054 Unknown column 'libel_sousdomaine' in 'field list'
[24-Jun-2026 00:50:02 Europe/Berlin] sousdomaines endpoint : SQLSTATE[42S22]: Column not found: 1054 Unknown column 'f.reference_fnc' in 'field list'
[25-Jun-2026 23:34:40 Europe/Berlin] PHP Fatal error:  Cannot declare class Mailer, because the name is already in use in C:\xampp\htdocs\AGAI\classes\Mailer.php on line 262
[25-Jun-2026 23:43:50 Europe/Berlin] PHP Fatal error:  Cannot declare class Mailer, because the name is already in use in C:\xampp\htdocs\AGAI\classes\Mailer.php on line 262
[26-Jun-2026 00:09:13 Europe/Berlin] PHP Fatal error:  Maximum execution time of 120 seconds exceeded in C:\xampp\htdocs\AGAI\mail\PHPMailer\src\SMTP.php on line 1231
[26-Jun-2026 00:09:13 Europe/Berlin] PHP Fatal error:  Maximum execution time of 120 seconds exceeded in C:\xampp\htdocs\AGAI\config\config.php on line 235
[26-Jun-2026 17:25:29 Europe/Berlin] rapports: SQLSTATE[42S22]: Column not found: 1054 Unknown column 'a.nce' in 'field list'
[26-Jun-2026 23:49:59 Europe/Berlin] PHP Warning:  Undefined array key "last_login" in C:\xampp\htdocs\AGAI\app\pages\dashboard.php on line 290
[26-Jun-2026 23:50:11 Europe/Berlin] PHP Warning:  Undefined array key "last_login" in C:\xampp\htdocs\AGAI\app\pages\dashboard.php on line 290
[26-Jun-2026 23:53:11 Europe/Berlin] PHP Warning:  Undefined array key "last_login" in C:\xampp\htdocs\AGAI\app\pages\dashboard.php on line 290
[26-Jun-2026 23:54:29 Europe/Berlin] PHP Warning:  Undefined array key "last_login" in C:\xampp\htdocs\AGAI\app\pages\dashboard.php on line 290
[26-Jun-2026 23:58:23 Europe/Berlin] PHP Warning:  Undefined array key "last_login" in C:\xampp\htdocs\AGAI\app\pages\dashboard.php on line 290
[27-Jun-2026 00:04:49 Europe/Berlin] PHP Warning:  Undefined array key "last_login" in C:\xampp\htdocs\AGAI\app\pages\dashboard.php on line 290
[27-Jun-2026 07:44:00 Europe/Berlin] users endpoint : Call to undefined method Auth::set2FA()
[27-Jun-2026 07:45:44 Europe/Berlin] users endpoint : Call to undefined method Auth::set2FA()
[27-Jun-2026 07:45:49 Europe/Berlin] users endpoint : Call to undefined method Auth::set2FA()
[27-Jun-2026 07:54:01 Europe/Berlin] PHP Warning:  Undefined variable $role in C:\xampp\htdocs\AGAI\app\endpoints\users.php on line 248
[27-Jun-2026 07:54:48 Europe/Berlin] PHP Warning:  Undefined variable $role in C:\xampp\htdocs\AGAI\app\endpoints\users.php on line 248
[27-Jun-2026 07:54:58 Europe/Berlin] PHP Warning:  Undefined variable $role in C:\xampp\htdocs\AGAI\app\endpoints\users.php on line 248
[27-Jun-2026 07:56:40 Europe/Berlin] PHP Warning:  Undefined variable $role in C:\xampp\htdocs\AGAI\app\endpoints\users.php on line 248
[27-Jun-2026 08:55:33 Europe/Berlin] audit-logs: SQLSTATE[42000]: Syntax error or access violation: 1064 You have an error in your SQL syntax; check the manual that corresponds to your MariaDB server version for the right syntax to use near 'WHERE module IS NOT NULL AND TRIM(module)<>''
         GROUP BY module ORDER...' at line 3
[27-Jun-2026 08:55:37 Europe/Berlin] audit-logs: SQLSTATE[42000]: Syntax error or access violation: 1064 You have an error in your SQL syntax; check the manual that corresponds to your MariaDB server version for the right syntax to use near 'WHERE module IS NOT NULL AND TRIM(module)<>''
         GROUP BY module ORDER...' at line 3
[27-Jun-2026 08:55:47 Europe/Berlin] audit-logs: SQLSTATE[42000]: Syntax error or access violation: 1064 You have an error in your SQL syntax; check the manual that corresponds to your MariaDB server version for the right syntax to use near 'WHERE module IS NOT NULL AND TRIM(module)<>''
         GROUP BY module ORDER...' at line 3
[27-Jun-2026 08:56:37 Europe/Berlin] audit-logs: SQLSTATE[42000]: Syntax error or access violation: 1064 You have an error in your SQL syntax; check the manual that corresponds to your MariaDB server version for the right syntax to use near 'WHERE module IS NOT NULL AND TRIM(module)<>''
         GROUP BY module ORDER...' at line 3
[27-Jun-2026 08:57:37 Europe/Berlin] audit-logs: SQLSTATE[42000]: Syntax error or access violation: 1064 You have an error in your SQL syntax; check the manual that corresponds to your MariaDB server version for the right syntax to use near 'WHERE module IS NOT NULL AND TRIM(module)<>''
         GROUP BY module ORDER...' at line 3
[27-Jun-2026 09:15:37 Europe/Berlin] login-attempts: SQLSTATE[42000]: Syntax error or access violation: 1064 You have an error in your SQL syntax; check the manual that corresponds to your MariaDB server version for the right syntax to use near 'WHERE al.description LIKE '%Email:%'
         GROUP BY email_cible ORDER BY ...' at line 7
[27-Jun-2026 09:16:37 Europe/Berlin] login-attempts: SQLSTATE[42000]: Syntax error or access violation: 1064 You have an error in your SQL syntax; check the manual that corresponds to your MariaDB server version for the right syntax to use near 'WHERE al.description LIKE '%Email:%'
         GROUP BY email_cible ORDER BY ...' at line 7
[27-Jun-2026 09:17:37 Europe/Berlin] login-attempts: SQLSTATE[42000]: Syntax error or access violation: 1064 You have an error in your SQL syntax; check the manual that corresponds to your MariaDB server version for the right syntax to use near 'WHERE al.description LIKE '%Email:%'
         GROUP BY email_cible ORDER BY ...' at line 7
[27-Jun-2026 09:18:37 Europe/Berlin] login-attempts: SQLSTATE[42000]: Syntax error or access violation: 1064 You have an error in your SQL syntax; check the manual that corresponds to your MariaDB server version for the right syntax to use near 'WHERE al.description LIKE '%Email:%'
         GROUP BY email_cible ORDER BY ...' at line 7
[27-Jun-2026 09:19:15 Europe/Berlin] login-attempts: SQLSTATE[42000]: Syntax error or access violation: 1064 You have an error in your SQL syntax; check the manual that corresponds to your MariaDB server version for the right syntax to use near 'WHERE al.description LIKE '%Email:%'
         GROUP BY email_cible ORDER BY ...' at line 7
[27-Jun-2026 09:19:22 Europe/Berlin] login-attempts: SQLSTATE[42000]: Syntax error or access violation: 1064 You have an error in your SQL syntax; check the manual that corresponds to your MariaDB server version for the right syntax to use near 'WHERE al.description LIKE '%Email:%'
         GROUP BY email_cible ORDER BY ...' at line 7
[27-Jun-2026 09:19:37 Europe/Berlin] login-attempts: SQLSTATE[42000]: Syntax error or access violation: 1064 You have an error in your SQL syntax; check the manual that corresponds to your MariaDB server version for the right syntax to use near 'WHERE al.description LIKE '%Email:%'
         GROUP BY email_cible ORDER BY ...' at line 7
[27-Jun-2026 09:20:37 Europe/Berlin] login-attempts: SQLSTATE[42000]: Syntax error or access violation: 1064 You have an error in your SQL syntax; check the manual that corresponds to your MariaDB server version for the right syntax to use near 'WHERE al.description LIKE '%Email:%'
         GROUP BY email_cible ORDER BY ...' at line 7
[27-Jun-2026 09:21:27 Europe/Berlin] login-attempts: SQLSTATE[42000]: Syntax error or access violation: 1064 You have an error in your SQL syntax; check the manual that corresponds to your MariaDB server version for the right syntax to use near 'WHERE al.description LIKE '%Email:%'
         GROUP BY email_cible ORDER BY ...' at line 7
[27-Jun-2026 09:21:34 Europe/Berlin] login-attempts: SQLSTATE[42000]: Syntax error or access violation: 1064 You have an error in your SQL syntax; check the manual that corresponds to your MariaDB server version for the right syntax to use near 'WHERE al.description LIKE '%Email:%'
         GROUP BY email_cible ORDER BY ...' at line 7
[27-Jun-2026 09:21:37 Europe/Berlin] login-attempts: SQLSTATE[42000]: Syntax error or access violation: 1064 You have an error in your SQL syntax; check the manual that corresponds to your MariaDB server version for the right syntax to use near 'WHERE al.description LIKE '%Email:%'
         GROUP BY email_cible ORDER BY ...' at line 7
[27-Jun-2026 09:22:34 Europe/Berlin] login-attempts: SQLSTATE[42000]: Syntax error or access violation: 1064 You have an error in your SQL syntax; check the manual that corresponds to your MariaDB server version for the right syntax to use near 'WHERE al.description LIKE '%Email:%'
         GROUP BY email_cible ORDER BY ...' at line 7
[27-Jun-2026 09:22:37 Europe/Berlin] login-attempts: SQLSTATE[42000]: Syntax error or access violation: 1064 You have an error in your SQL syntax; check the manual that corresponds to your MariaDB server version for the right syntax to use near 'WHERE al.description LIKE '%Email:%'
         GROUP BY email_cible ORDER BY ...' at line 7
[27-Jun-2026 09:22:57 Europe/Berlin] login-attempts: SQLSTATE[42000]: Syntax error or access violation: 1064 You have an error in your SQL syntax; check the manual that corresponds to your MariaDB server version for the right syntax to use near 'WHERE al.description LIKE '%Email:%'
         GROUP BY email_cible ORDER BY ...' at line 7
[27-Jun-2026 09:23:34 Europe/Berlin] login-attempts: SQLSTATE[42000]: Syntax error or access violation: 1064 You have an error in your SQL syntax; check the manual that corresponds to your MariaDB server version for the right syntax to use near 'WHERE al.description LIKE '%Email:%'
         GROUP BY email_cible ORDER BY ...' at line 7
[27-Jun-2026 09:24:30 Europe/Berlin] login-attempts: SQLSTATE[42000]: Syntax error or access violation: 1064 You have an error in your SQL syntax; check the manual that corresponds to your MariaDB server version for the right syntax to use near 'WHERE al.description LIKE '%Email:%'
         GROUP BY email_cible ORDER BY ...' at line 7
[27-Jun-2026 09:25:30 Europe/Berlin] login-attempts: SQLSTATE[42000]: Syntax error or access violation: 1064 You have an error in your SQL syntax; check the manual that corresponds to your MariaDB server version for the right syntax to use near 'WHERE al.description LIKE '%Email:%'
         GROUP BY email_cible ORDER BY ...' at line 7
[27-Jun-2026 09:26:30 Europe/Berlin] login-attempts: SQLSTATE[42000]: Syntax error or access violation: 1064 You have an error in your SQL syntax; check the manual that corresponds to your MariaDB server version for the right syntax to use near 'WHERE al.description LIKE '%Email:%'
         GROUP BY email_cible ORDER BY ...' at line 7
[27-Jun-2026 09:27:30 Europe/Berlin] login-attempts: SQLSTATE[42000]: Syntax error or access violation: 1064 You have an error in your SQL syntax; check the manual that corresponds to your MariaDB server version for the right syntax to use near 'WHERE al.description LIKE '%Email:%'
         GROUP BY email_cible ORDER BY ...' at line 7
[27-Jun-2026 09:28:30 Europe/Berlin] login-attempts: SQLSTATE[42000]: Syntax error or access violation: 1064 You have an error in your SQL syntax; check the manual that corresponds to your MariaDB server version for the right syntax to use near 'WHERE al.description LIKE '%Email:%'
         GROUP BY email_cible ORDER BY ...' at line 7
[27-Jun-2026 09:29:30 Europe/Berlin] login-attempts: SQLSTATE[42000]: Syntax error or access violation: 1064 You have an error in your SQL syntax; check the manual that corresponds to your MariaDB server version for the right syntax to use near 'WHERE al.description LIKE '%Email:%'
         GROUP BY email_cible ORDER BY ...' at line 7
[27-Jun-2026 09:30:30 Europe/Berlin] login-attempts: SQLSTATE[42000]: Syntax error or access violation: 1064 You have an error in your SQL syntax; check the manual that corresponds to your MariaDB server version for the right syntax to use near 'WHERE al.description LIKE '%Email:%'
         GROUP BY email_cible ORDER BY ...' at line 7
